Archive member included to satisfy reference by file (symbol)

../librairie_statique//lib_statique.a(lcm_so1602dtr_m_fw.o)
                              parcoursEtats.o (_ZN3LCMC1EPVhS1_)
../librairie_statique//lib_statique.a(customprocs.o)
                              ../librairie_statique//lib_statique.a(lcm_so1602dtr_m_fw.o) (_Z9cp_strlenPKc)
../librairie_statique//lib_statique.a(lcm_so1602dtr_m.o)
                              ../librairie_statique//lib_statique.a(lcm_so1602dtr_m_fw.o) (_Z15lcmd_disp_clearPVh)
/usr/lib/gcc/avr/7.4.0/avr5/libgcc.a(_udivmodhi4.o)
                              ../librairie_statique//lib_statique.a(customprocs.o) (__udivmodhi4)
/usr/lib/gcc/avr/7.4.0/avr5/libgcc.a(_exit.o)
                              /usr/lib/gcc/avr/7.4.0/../../../../avr/lib/avr5/crtatmega324pa.o (exit)
/usr/lib/gcc/avr/7.4.0/avr5/libgcc.a(_copy_data.o)
                              parcoursEtats.o (__do_copy_data)
/usr/lib/gcc/avr/7.4.0/avr5/libgcc.a(_clear_bss.o)
                              parcoursEtats.o (__do_clear_bss)
/usr/lib/gcc/avr/7.4.0/avr5/libgcc.a(_ctors.o)
                              parcoursEtats.o (__do_global_ctors)
/usr/lib/gcc/avr/7.4.0/avr5/libgcc.a(_dtors.o)
                              parcoursEtats.o (__do_global_dtors)
/usr/lib/gcc/avr/7.4.0/avr5/libgcc.a(_tablejump2.o)
                              /usr/lib/gcc/avr/7.4.0/avr5/libgcc.a(_ctors.o) (__tablejump2__)
/usr/lib/gcc/avr/7.4.0/../../../../avr/lib/avr5/libc.a(malloc.o)
                              ../librairie_statique//lib_statique.a(lcm_so1602dtr_m_fw.o) (malloc)
/usr/lib/gcc/avr/7.4.0/../../../../avr/lib/avr5/libc.a(sprintf.o)
                              ../librairie_statique//lib_statique.a(lcm_so1602dtr_m_fw.o) (sprintf)
/usr/lib/gcc/avr/7.4.0/../../../../avr/lib/avr5/libc.a(vfprintf_std.o)
                              /usr/lib/gcc/avr/7.4.0/../../../../avr/lib/avr5/libc.a(sprintf.o) (vfprintf)
/usr/lib/gcc/avr/7.4.0/../../../../avr/lib/avr5/libc.a(strnlen_P.o)
                              /usr/lib/gcc/avr/7.4.0/../../../../avr/lib/avr5/libc.a(vfprintf_std.o) (strnlen_P)
/usr/lib/gcc/avr/7.4.0/../../../../avr/lib/avr5/libc.a(strnlen.o)
                              /usr/lib/gcc/avr/7.4.0/../../../../avr/lib/avr5/libc.a(vfprintf_std.o) (strnlen)
/usr/lib/gcc/avr/7.4.0/../../../../avr/lib/avr5/libc.a(fputc.o)
                              /usr/lib/gcc/avr/7.4.0/../../../../avr/lib/avr5/libc.a(vfprintf_std.o) (fputc)
/usr/lib/gcc/avr/7.4.0/../../../../avr/lib/avr5/libc.a(ultoa_invert.o)
                              /usr/lib/gcc/avr/7.4.0/../../../../avr/lib/avr5/libc.a(vfprintf_std.o) (__ultoa_invert)
/usr/lib/gcc/avr/7.4.0/avr5/libgcc.a(_prologue.o)
                              /usr/lib/gcc/avr/7.4.0/../../../../avr/lib/avr5/libc.a(sprintf.o) (__prologue_saves__)
/usr/lib/gcc/avr/7.4.0/avr5/libgcc.a(_epilogue.o)
                              /usr/lib/gcc/avr/7.4.0/../../../../avr/lib/avr5/libc.a(sprintf.o) (__epilogue_restores__)

Allocating common symbols
Common symbol       size              file

__brkval            0x2               /usr/lib/gcc/avr/7.4.0/../../../../avr/lib/avr5/libc.a(malloc.o)
__flp               0x2               /usr/lib/gcc/avr/7.4.0/../../../../avr/lib/avr5/libc.a(malloc.o)

Memory Configuration

Name             Origin             Length             Attributes
text             0x0000000000000000 0x0000000000020000 xr
data             0x0000000000800060 0x000000000000ffa0 rw !x
eeprom           0x0000000000810000 0x0000000000010000 rw !x
fuse             0x0000000000820000 0x0000000000000003 rw !x
lock             0x0000000000830000 0x0000000000000400 rw !x
signature        0x0000000000840000 0x0000000000000400 rw !x
user_signatures  0x0000000000850000 0x0000000000000400 rw !x
*default*        0x0000000000000000 0xffffffffffffffff

Linker script and memory map

Address of section .data set to 0x800100
LOAD /usr/lib/gcc/avr/7.4.0/../../../../avr/lib/avr5/crtatmega324pa.o
LOAD parcoursEtats.o
LOAD /usr/lib/gcc/avr/7.4.0/../../../../avr/lib/avr5/libm.a
LOAD ../librairie_statique//lib_statique.a
START GROUP
LOAD /usr/lib/gcc/avr/7.4.0/avr5/libgcc.a
LOAD /usr/lib/gcc/avr/7.4.0/../../../../avr/lib/avr5/libm.a
LOAD /usr/lib/gcc/avr/7.4.0/../../../../avr/lib/avr5/libc.a
LOAD /usr/lib/gcc/avr/7.4.0/../../../../avr/lib/avr5/libatmega324pa.a
END GROUP
                0x0000000000020000                __TEXT_REGION_LENGTH__ = DEFINED (__TEXT_REGION_LENGTH__)?__TEXT_REGION_LENGTH__:0x20000
                0x000000000000ffa0                __DATA_REGION_LENGTH__ = DEFINED (__DATA_REGION_LENGTH__)?__DATA_REGION_LENGTH__:0xffa0
                0x0000000000010000                __EEPROM_REGION_LENGTH__ = DEFINED (__EEPROM_REGION_LENGTH__)?__EEPROM_REGION_LENGTH__:0x10000
                [0x0000000000000003]                __FUSE_REGION_LENGTH__ = DEFINED (__FUSE_REGION_LENGTH__)?__FUSE_REGION_LENGTH__:0x400
                0x0000000000000400                __LOCK_REGION_LENGTH__ = DEFINED (__LOCK_REGION_LENGTH__)?__LOCK_REGION_LENGTH__:0x400
                0x0000000000000400                __SIGNATURE_REGION_LENGTH__ = DEFINED (__SIGNATURE_REGION_LENGTH__)?__SIGNATURE_REGION_LENGTH__:0x400
                0x0000000000000400                __USER_SIGNATURE_REGION_LENGTH__ = DEFINED (__USER_SIGNATURE_REGION_LENGTH__)?__USER_SIGNATURE_REGION_LENGTH__:0x400

.hash
 *(.hash)

.dynsym
 *(.dynsym)

.dynstr
 *(.dynstr)

.gnu.version
 *(.gnu.version)

.gnu.version_d
 *(.gnu.version_d)

.gnu.version_r
 *(.gnu.version_r)

.rel.init
 *(.rel.init)

.rela.init
 *(.rela.init)

.rel.text
 *(.rel.text)
 *(.rel.text.*)
 *(.rel.gnu.linkonce.t*)

.rela.text
 *(.rela.text)
 *(.rela.text.*)
 *(.rela.gnu.linkonce.t*)

.rel.fini
 *(.rel.fini)

.rela.fini
 *(.rela.fini)

.rel.rodata
 *(.rel.rodata)
 *(.rel.rodata.*)
 *(.rel.gnu.linkonce.r*)

.rela.rodata
 *(.rela.rodata)
 *(.rela.rodata.*)
 *(.rela.gnu.linkonce.r*)

.rel.data
 *(.rel.data)
 *(.rel.data.*)
 *(.rel.gnu.linkonce.d*)

.rela.data
 *(.rela.data)
 *(.rela.data.*)
 *(.rela.gnu.linkonce.d*)

.rel.ctors
 *(.rel.ctors)

.rela.ctors
 *(.rela.ctors)

.rel.dtors
 *(.rel.dtors)

.rela.dtors
 *(.rela.dtors)

.rel.got
 *(.rel.got)

.rela.got
 *(.rela.got)

.rel.bss
 *(.rel.bss)

.rela.bss
 *(.rela.bss)

.rel.plt
 *(.rel.plt)

.rela.plt
 *(.rela.plt)

.text           0x0000000000000000      0xf8e
 *(.vectors)
 .vectors       0x0000000000000000       0x7c /usr/lib/gcc/avr/7.4.0/../../../../avr/lib/avr5/crtatmega324pa.o
                0x0000000000000000                __vectors
                0x0000000000000000                __vector_default
 *(.vectors)
 *(.progmem.gcc*)
                0x000000000000007c                . = ALIGN (0x2)
                0x000000000000007c                __trampolines_start = .
 *(.trampolines)
 .trampolines   0x000000000000007c        0x0 linker stubs
 *(.trampolines*)
                0x000000000000007c                __trampolines_end = .
 *libprintf_flt.a:*(.progmem.data)
 *libc.a:*(.progmem.data)
 *(.progmem.*)
                0x000000000000007c                . = ALIGN (0x2)
 *(.lowtext)
 *(.lowtext*)
                0x000000000000007c                __ctors_start = .
 *(.ctors)
 .ctors         0x000000000000007c        0x2 parcoursEtats.o
                0x000000000000007e                __ctors_end = .
                0x000000000000007e                __dtors_start = .
 *(.dtors)
 .dtors         0x000000000000007e        0x2 parcoursEtats.o
                0x0000000000000080                __dtors_end = .
 SORT_BY_NAME(*)(.ctors)
 SORT_BY_NAME(*)(.dtors)
 *(.init0)
 .init0         0x0000000000000080        0x0 /usr/lib/gcc/avr/7.4.0/../../../../avr/lib/avr5/crtatmega324pa.o
                0x0000000000000080                __init
 *(.init0)
 *(.init1)
 *(.init1)
 *(.init2)
 .init2         0x0000000000000080        0xc /usr/lib/gcc/avr/7.4.0/../../../../avr/lib/avr5/crtatmega324pa.o
 *(.init2)
 *(.init3)
 *(.init3)
 *(.init4)
 .init4         0x000000000000008c       0x16 /usr/lib/gcc/avr/7.4.0/avr5/libgcc.a(_copy_data.o)
                0x000000000000008c                __do_copy_data
 .init4         0x00000000000000a2       0x10 /usr/lib/gcc/avr/7.4.0/avr5/libgcc.a(_clear_bss.o)
                0x00000000000000a2                __do_clear_bss
 *(.init4)
 *(.init5)
 *(.init5)
 *(.init6)
 .init6         0x00000000000000b2       0x16 /usr/lib/gcc/avr/7.4.0/avr5/libgcc.a(_ctors.o)
                0x00000000000000b2                __do_global_ctors
 *(.init6)
 *(.init7)
 *(.init7)
 *(.init8)
 *(.init8)
 *(.init9)
 .init9         0x00000000000000c8        0x8 /usr/lib/gcc/avr/7.4.0/../../../../avr/lib/avr5/crtatmega324pa.o
 *(.init9)
 *(.text)
 .text          0x00000000000000d0        0x4 /usr/lib/gcc/avr/7.4.0/../../../../avr/lib/avr5/crtatmega324pa.o
                0x00000000000000d0                __vector_22
                0x00000000000000d0                __vector_28
                0x00000000000000d0                __vector_1
                0x00000000000000d0                __vector_24
                0x00000000000000d0                __vector_12
                0x00000000000000d0                __bad_interrupt
                0x00000000000000d0                __vector_6
                0x00000000000000d0                __vector_3
                0x00000000000000d0                __vector_23
                0x00000000000000d0                __vector_30
                0x00000000000000d0                __vector_25
                0x00000000000000d0                __vector_11
                0x00000000000000d0                __vector_13
                0x00000000000000d0                __vector_17
                0x00000000000000d0                __vector_19
                0x00000000000000d0                __vector_7
                0x00000000000000d0                __vector_27
                0x00000000000000d0                __vector_5
                0x00000000000000d0                __vector_4
                0x00000000000000d0                __vector_9
                0x00000000000000d0                __vector_2
                0x00000000000000d0                __vector_21
                0x00000000000000d0                __vector_15
                0x00000000000000d0                __vector_29
                0x00000000000000d0                __vector_8
                0x00000000000000d0                __vector_26
                0x00000000000000d0                __vector_14
                0x00000000000000d0                __vector_10
                0x00000000000000d0                __vector_16
                0x00000000000000d0                __vector_18
                0x00000000000000d0                __vector_20
 .text          0x00000000000000d4        0x0 parcoursEtats.o
 .text          0x00000000000000d4      0x3c8 ../librairie_statique//lib_statique.a(lcm_so1602dtr_m_fw.o)
                0x00000000000000d4                _ZN3LCMC1EPVhS1_
                0x00000000000000d4                _ZN3LCMC2EPVhS1_
                0x0000000000000110                _ZN3LCMD1Ev
                0x0000000000000110                _ZN3LCMD2Ev
                0x000000000000011a                _ZN3LCM8en_blinkEb
                0x000000000000013c                _ZN3LCM6en_curEb
                0x000000000000015c                _ZN3LCM12set_bc_indexEh
                0x0000000000000178                _ZN3LCM5clearEv
                0x00000000000002ba                _ZN3LCM5writeEPKchb
                0x00000000000002c6                _ZN3LCM3putEc
                0x00000000000002fc                _ZN3LCM8build_ccEhPKh
                0x000000000000034e                _ZN3LCMlsEPKc
                0x000000000000036a                _ZN3LCMlsEj
                0x00000000000003a6                _ZN3LCMlsEi
                0x00000000000003e2                _ZN3LCMlsEc
                0x000000000000041e                _ZN3LCMaSEPKc
                0x0000000000000454                _ZN3LCMixEh
                0x0000000000000462                _ZN3LCMmIEh
 .text          0x000000000000049c       0x8e ../librairie_statique//lib_statique.a(customprocs.o)
                0x000000000000049c                _Z9cp_strlenPKc
                0x00000000000004b0                _Z7cp_itoaPcjh
                0x000000000000050c                _Z10cp_wait_msj
 .text          0x000000000000052a      0x1ee ../librairie_statique//lib_statique.a(lcm_so1602dtr_m.o)
                0x00000000000005c0                _Z15lcmd_disp_clearPVh
                0x00000000000005cc                _Z14lcmd_disp_homePVh
                0x00000000000005d8                _Z13lcmd_entry_smhhPVh
                0x00000000000005e8                _Z16lcmd_disp_on_offhhhPVh
                0x0000000000000600                _Z19lcmd_disp_cur_shifthhPVh
                0x000000000000061e                _Z13lcmd_func_sethhPVh
                0x000000000000063c                _Z17lcmd_cgr_set_addrhPVh
                0x000000000000064c                _Z17lcmd_ddr_set_addrhPVh
                0x000000000000065a                _Z10lcmd_writehPVh
                0x0000000000000666                _Z14lcmd_init_4bitPVhS0_
 .text          0x0000000000000718        0x0 /usr/lib/gcc/avr/7.4.0/avr5/libgcc.a(_udivmodhi4.o)
 .text          0x0000000000000718        0x0 /usr/lib/gcc/avr/7.4.0/avr5/libgcc.a(_exit.o)
 .text          0x0000000000000718        0x0 /usr/lib/gcc/avr/7.4.0/avr5/libgcc.a(_copy_data.o)
 .text          0x0000000000000718        0x0 /usr/lib/gcc/avr/7.4.0/avr5/libgcc.a(_clear_bss.o)
 .text          0x0000000000000718        0x0 /usr/lib/gcc/avr/7.4.0/avr5/libgcc.a(_ctors.o)
 .text          0x0000000000000718        0x0 /usr/lib/gcc/avr/7.4.0/avr5/libgcc.a(_dtors.o)
 .text          0x0000000000000718        0x0 /usr/lib/gcc/avr/7.4.0/avr5/libgcc.a(_tablejump2.o)
 .text          0x0000000000000718        0x0 /usr/lib/gcc/avr/7.4.0/../../../../avr/lib/avr5/libc.a(malloc.o)
 .text          0x0000000000000718        0x0 /usr/lib/gcc/avr/7.4.0/../../../../avr/lib/avr5/libc.a(sprintf.o)
 .text          0x0000000000000718        0x0 /usr/lib/gcc/avr/7.4.0/../../../../avr/lib/avr5/libc.a(vfprintf_std.o)
 .text          0x0000000000000718        0x0 /usr/lib/gcc/avr/7.4.0/../../../../avr/lib/avr5/libc.a(strnlen_P.o)
 .text          0x0000000000000718        0x0 /usr/lib/gcc/avr/7.4.0/../../../../avr/lib/avr5/libc.a(strnlen.o)
 .text          0x0000000000000718        0x0 /usr/lib/gcc/avr/7.4.0/../../../../avr/lib/avr5/libc.a(fputc.o)
 .text          0x0000000000000718        0x0 /usr/lib/gcc/avr/7.4.0/../../../../avr/lib/avr5/libc.a(ultoa_invert.o)
 .text          0x0000000000000718        0x0 /usr/lib/gcc/avr/7.4.0/avr5/libgcc.a(_prologue.o)
 .text          0x0000000000000718        0x0 /usr/lib/gcc/avr/7.4.0/avr5/libgcc.a(_epilogue.o)
                0x0000000000000718                . = ALIGN (0x2)
 *(.text.*)
 .text.startup  0x0000000000000718       0x26 parcoursEtats.o
                0x0000000000000718                main
 .text.exit     0x000000000000073e        0x8 parcoursEtats.o
 .text.libgcc.mul
                0x0000000000000746        0x0 /usr/lib/gcc/avr/7.4.0/avr5/libgcc.a(_udivmodhi4.o)
 .text.libgcc.div
                0x0000000000000746       0x28 /usr/lib/gcc/avr/7.4.0/avr5/libgcc.a(_udivmodhi4.o)
                0x0000000000000746                __udivmodhi4
 .text.libgcc   0x000000000000076e        0x0 /usr/lib/gcc/avr/7.4.0/avr5/libgcc.a(_udivmodhi4.o)
 .text.libgcc.prologue
                0x000000000000076e        0x0 /usr/lib/gcc/avr/7.4.0/avr5/libgcc.a(_udivmodhi4.o)
 .text.libgcc.builtins
                0x000000000000076e        0x0 /usr/lib/gcc/avr/7.4.0/avr5/libgcc.a(_udivmodhi4.o)
 .text.libgcc.fmul
                0x000000000000076e        0x0 /usr/lib/gcc/avr/7.4.0/avr5/libgcc.a(_udivmodhi4.o)
 .text.libgcc.fixed
                0x000000000000076e        0x0 /usr/lib/gcc/avr/7.4.0/avr5/libgcc.a(_udivmodhi4.o)
 .text.libgcc.mul
                0x000000000000076e        0x0 /usr/lib/gcc/avr/7.4.0/avr5/libgcc.a(_exit.o)
 .text.libgcc.div
                0x000000000000076e        0x0 /usr/lib/gcc/avr/7.4.0/avr5/libgcc.a(_exit.o)
 .text.libgcc   0x000000000000076e        0x0 /usr/lib/gcc/avr/7.4.0/avr5/libgcc.a(_exit.o)
 .text.libgcc.prologue
                0x000000000000076e        0x0 /usr/lib/gcc/avr/7.4.0/avr5/libgcc.a(_exit.o)
 .text.libgcc.builtins
                0x000000000000076e        0x0 /usr/lib/gcc/avr/7.4.0/avr5/libgcc.a(_exit.o)
 .text.libgcc.fmul
                0x000000000000076e        0x0 /usr/lib/gcc/avr/7.4.0/avr5/libgcc.a(_exit.o)
 .text.libgcc.fixed
                0x000000000000076e        0x0 /usr/lib/gcc/avr/7.4.0/avr5/libgcc.a(_exit.o)
 .text.libgcc.mul
                0x000000000000076e        0x0 /usr/lib/gcc/avr/7.4.0/avr5/libgcc.a(_copy_data.o)
 .text.libgcc.div
                0x000000000000076e        0x0 /usr/lib/gcc/avr/7.4.0/avr5/libgcc.a(_copy_data.o)
 .text.libgcc   0x000000000000076e        0x0 /usr/lib/gcc/avr/7.4.0/avr5/libgcc.a(_copy_data.o)
 .text.libgcc.prologue
                0x000000000000076e        0x0 /usr/lib/gcc/avr/7.4.0/avr5/libgcc.a(_copy_data.o)
 .text.libgcc.builtins
                0x000000000000076e        0x0 /usr/lib/gcc/avr/7.4.0/avr5/libgcc.a(_copy_data.o)
 .text.libgcc.fmul
                0x000000000000076e        0x0 /usr/lib/gcc/avr/7.4.0/avr5/libgcc.a(_copy_data.o)
 .text.libgcc.fixed
                0x000000000000076e        0x0 /usr/lib/gcc/avr/7.4.0/avr5/libgcc.a(_copy_data.o)
 .text.libgcc.mul
                0x000000000000076e        0x0 /usr/lib/gcc/avr/7.4.0/avr5/libgcc.a(_clear_bss.o)
 .text.libgcc.div
                0x000000000000076e        0x0 /usr/lib/gcc/avr/7.4.0/avr5/libgcc.a(_clear_bss.o)
 .text.libgcc   0x000000000000076e        0x0 /usr/lib/gcc/avr/7.4.0/avr5/libgcc.a(_clear_bss.o)
 .text.libgcc.prologue
                0x000000000000076e        0x0 /usr/lib/gcc/avr/7.4.0/avr5/libgcc.a(_clear_bss.o)
 .text.libgcc.builtins
                0x000000000000076e        0x0 /usr/lib/gcc/avr/7.4.0/avr5/libgcc.a(_clear_bss.o)
 .text.libgcc.fmul
                0x000000000000076e        0x0 /usr/lib/gcc/avr/7.4.0/avr5/libgcc.a(_clear_bss.o)
 .text.libgcc.fixed
                0x000000000000076e        0x0 /usr/lib/gcc/avr/7.4.0/avr5/libgcc.a(_clear_bss.o)
 .text.libgcc.mul
                0x000000000000076e        0x0 /usr/lib/gcc/avr/7.4.0/avr5/libgcc.a(_ctors.o)
 .text.libgcc.div
                0x000000000000076e        0x0 /usr/lib/gcc/avr/7.4.0/avr5/libgcc.a(_ctors.o)
 .text.libgcc   0x000000000000076e        0x0 /usr/lib/gcc/avr/7.4.0/avr5/libgcc.a(_ctors.o)
 .text.libgcc.prologue
                0x000000000000076e        0x0 /usr/lib/gcc/avr/7.4.0/avr5/libgcc.a(_ctors.o)
 .text.libgcc.builtins
                0x000000000000076e        0x0 /usr/lib/gcc/avr/7.4.0/avr5/libgcc.a(_ctors.o)
 .text.libgcc.fmul
                0x000000000000076e        0x0 /usr/lib/gcc/avr/7.4.0/avr5/libgcc.a(_ctors.o)
 .text.libgcc.fixed
                0x000000000000076e        0x0 /usr/lib/gcc/avr/7.4.0/avr5/libgcc.a(_ctors.o)
 .text.libgcc.mul
                0x000000000000076e        0x0 /usr/lib/gcc/avr/7.4.0/avr5/libgcc.a(_dtors.o)
 .text.libgcc.div
                0x000000000000076e        0x0 /usr/lib/gcc/avr/7.4.0/avr5/libgcc.a(_dtors.o)
 .text.libgcc   0x000000000000076e        0x0 /usr/lib/gcc/avr/7.4.0/avr5/libgcc.a(_dtors.o)
 .text.libgcc.prologue
                0x000000000000076e        0x0 /usr/lib/gcc/avr/7.4.0/avr5/libgcc.a(_dtors.o)
 .text.libgcc.builtins
                0x000000000000076e        0x0 /usr/lib/gcc/avr/7.4.0/avr5/libgcc.a(_dtors.o)
 .text.libgcc.fmul
                0x000000000000076e        0x0 /usr/lib/gcc/avr/7.4.0/avr5/libgcc.a(_dtors.o)
 .text.libgcc.fixed
                0x000000000000076e        0x0 /usr/lib/gcc/avr/7.4.0/avr5/libgcc.a(_dtors.o)
 .text.libgcc.mul
                0x000000000000076e        0x0 /usr/lib/gcc/avr/7.4.0/avr5/libgcc.a(_tablejump2.o)
 .text.libgcc.div
                0x000000000000076e        0x0 /usr/lib/gcc/avr/7.4.0/avr5/libgcc.a(_tablejump2.o)
 .text.libgcc   0x000000000000076e        0xc /usr/lib/gcc/avr/7.4.0/avr5/libgcc.a(_tablejump2.o)
                0x000000000000076e                __tablejump2__
 .text.libgcc.prologue
                0x000000000000077a        0x0 /usr/lib/gcc/avr/7.4.0/avr5/libgcc.a(_tablejump2.o)
 .text.libgcc.builtins
                0x000000000000077a        0x0 /usr/lib/gcc/avr/7.4.0/avr5/libgcc.a(_tablejump2.o)
 .text.libgcc.fmul
                0x000000000000077a        0x0 /usr/lib/gcc/avr/7.4.0/avr5/libgcc.a(_tablejump2.o)
 .text.libgcc.fixed
                0x000000000000077a        0x0 /usr/lib/gcc/avr/7.4.0/avr5/libgcc.a(_tablejump2.o)
 .text.avr-libc
                0x000000000000077a      0x24a /usr/lib/gcc/avr/7.4.0/../../../../avr/lib/avr5/libc.a(malloc.o)
                0x000000000000077a                malloc
                0x00000000000008b2                free
 .text.avr-libc
                0x00000000000009c4       0x46 /usr/lib/gcc/avr/7.4.0/../../../../avr/lib/avr5/libc.a(sprintf.o)
                0x00000000000009c4                sprintf
 .text.avr-libc
                0x0000000000000a0a      0x3b4 /usr/lib/gcc/avr/7.4.0/../../../../avr/lib/avr5/libc.a(vfprintf_std.o)
                0x0000000000000a0a                vfprintf
 .text.avr-libc
                0x0000000000000dbe       0x16 /usr/lib/gcc/avr/7.4.0/../../../../avr/lib/avr5/libc.a(strnlen_P.o)
                0x0000000000000dbe                strnlen_P
 .text.avr-libc
                0x0000000000000dd4       0x16 /usr/lib/gcc/avr/7.4.0/../../../../avr/lib/avr5/libc.a(strnlen.o)
                0x0000000000000dd4                strnlen
 .text.avr-libc
                0x0000000000000dea       0x60 /usr/lib/gcc/avr/7.4.0/../../../../avr/lib/avr5/libc.a(fputc.o)
                0x0000000000000dea                fputc
 .text.avr-libc
                0x0000000000000e4a       0xbc /usr/lib/gcc/avr/7.4.0/../../../../avr/lib/avr5/libc.a(ultoa_invert.o)
                0x0000000000000e4a                __ultoa_invert
 .text.libgcc.mul
                0x0000000000000f06        0x0 /usr/lib/gcc/avr/7.4.0/avr5/libgcc.a(_prologue.o)
 .text.libgcc.div
                0x0000000000000f06        0x0 /usr/lib/gcc/avr/7.4.0/avr5/libgcc.a(_prologue.o)
 .text.libgcc   0x0000000000000f06        0x0 /usr/lib/gcc/avr/7.4.0/avr5/libgcc.a(_prologue.o)
 .text.libgcc.prologue
                0x0000000000000f06       0x38 /usr/lib/gcc/avr/7.4.0/avr5/libgcc.a(_prologue.o)
                0x0000000000000f06                __prologue_saves__
 .text.libgcc.builtins
                0x0000000000000f3e        0x0 /usr/lib/gcc/avr/7.4.0/avr5/libgcc.a(_prologue.o)
 .text.libgcc.fmul
                0x0000000000000f3e        0x0 /usr/lib/gcc/avr/7.4.0/avr5/libgcc.a(_prologue.o)
 .text.libgcc.fixed
                0x0000000000000f3e        0x0 /usr/lib/gcc/avr/7.4.0/avr5/libgcc.a(_prologue.o)
 .text.libgcc.mul
                0x0000000000000f3e        0x0 /usr/lib/gcc/avr/7.4.0/avr5/libgcc.a(_epilogue.o)
 .text.libgcc.div
                0x0000000000000f3e        0x0 /usr/lib/gcc/avr/7.4.0/avr5/libgcc.a(_epilogue.o)
 .text.libgcc   0x0000000000000f3e        0x0 /usr/lib/gcc/avr/7.4.0/avr5/libgcc.a(_epilogue.o)
 .text.libgcc.prologue
                0x0000000000000f3e       0x36 /usr/lib/gcc/avr/7.4.0/avr5/libgcc.a(_epilogue.o)
                0x0000000000000f3e                __epilogue_restores__
 .text.libgcc.builtins
                0x0000000000000f74        0x0 /usr/lib/gcc/avr/7.4.0/avr5/libgcc.a(_epilogue.o)
 .text.libgcc.fmul
                0x0000000000000f74        0x0 /usr/lib/gcc/avr/7.4.0/avr5/libgcc.a(_epilogue.o)
 .text.libgcc.fixed
                0x0000000000000f74        0x0 /usr/lib/gcc/avr/7.4.0/avr5/libgcc.a(_epilogue.o)
                0x0000000000000f74                . = ALIGN (0x2)
 *(.fini9)
 .fini9         0x0000000000000f74        0x0 /usr/lib/gcc/avr/7.4.0/avr5/libgcc.a(_exit.o)
                0x0000000000000f74                exit
                0x0000000000000f74                _exit
 *(.fini9)
 *(.fini8)
 *(.fini8)
 *(.fini7)
 *(.fini7)
 *(.fini6)
 .fini6         0x0000000000000f74       0x16 /usr/lib/gcc/avr/7.4.0/avr5/libgcc.a(_dtors.o)
                0x0000000000000f74                __do_global_dtors
 *(.fini6)
 *(.fini5)
 *(.fini5)
 *(.fini4)
 *(.fini4)
 *(.fini3)
 *(.fini3)
 *(.fini2)
 *(.fini2)
 *(.fini1)
 *(.fini1)
 *(.fini0)
 .fini0         0x0000000000000f8a        0x4 /usr/lib/gcc/avr/7.4.0/avr5/libgcc.a(_exit.o)
 *(.fini0)
 *(.hightext)
 *(.hightext*)
 *(.progmemx.*)
                0x0000000000000f8e                . = ALIGN (0x2)
 *(.jumptables)
 *(.jumptables*)
                0x0000000000000f8e                _etext = .

.data           0x0000000000800100       0x24 load address 0x0000000000000f8e
                0x0000000000800100                PROVIDE (__data_start = .)
 *(.data)
 .data          0x0000000000800100        0x0 /usr/lib/gcc/avr/7.4.0/../../../../avr/lib/avr5/crtatmega324pa.o
 .data          0x0000000000800100        0x0 parcoursEtats.o
 .data          0x0000000000800100        0x0 ../librairie_statique//lib_statique.a(lcm_so1602dtr_m_fw.o)
 .data          0x0000000000800100        0x0 ../librairie_statique//lib_statique.a(customprocs.o)
 .data          0x0000000000800100        0x0 ../librairie_statique//lib_statique.a(lcm_so1602dtr_m.o)
 .data          0x0000000000800100        0x0 /usr/lib/gcc/avr/7.4.0/avr5/libgcc.a(_udivmodhi4.o)
 .data          0x0000000000800100        0x0 /usr/lib/gcc/avr/7.4.0/avr5/libgcc.a(_exit.o)
 .data          0x0000000000800100        0x0 /usr/lib/gcc/avr/7.4.0/avr5/libgcc.a(_copy_data.o)
 .data          0x0000000000800100        0x0 /usr/lib/gcc/avr/7.4.0/avr5/libgcc.a(_clear_bss.o)
 .data          0x0000000000800100        0x0 /usr/lib/gcc/avr/7.4.0/avr5/libgcc.a(_ctors.o)
 .data          0x0000000000800100        0x0 /usr/lib/gcc/avr/7.4.0/avr5/libgcc.a(_dtors.o)
 .data          0x0000000000800100        0x0 /usr/lib/gcc/avr/7.4.0/avr5/libgcc.a(_tablejump2.o)
 .data          0x0000000000800100        0x6 /usr/lib/gcc/avr/7.4.0/../../../../avr/lib/avr5/libc.a(malloc.o)
                0x0000000000800100                __malloc_heap_end
                0x0000000000800102                __malloc_heap_start
                0x0000000000800104                __malloc_margin
 .data          0x0000000000800106        0x0 /usr/lib/gcc/avr/7.4.0/../../../../avr/lib/avr5/libc.a(sprintf.o)
 .data          0x0000000000800106        0x0 /usr/lib/gcc/avr/7.4.0/../../../../avr/lib/avr5/libc.a(vfprintf_std.o)
 .data          0x0000000000800106        0x0 /usr/lib/gcc/avr/7.4.0/../../../../avr/lib/avr5/libc.a(strnlen_P.o)
 .data          0x0000000000800106        0x0 /usr/lib/gcc/avr/7.4.0/../../../../avr/lib/avr5/libc.a(strnlen.o)
 .data          0x0000000000800106        0x0 /usr/lib/gcc/avr/7.4.0/../../../../avr/lib/avr5/libc.a(fputc.o)
 .data          0x0000000000800106        0x0 /usr/lib/gcc/avr/7.4.0/../../../../avr/lib/avr5/libc.a(ultoa_invert.o)
 .data          0x0000000000800106        0x0 /usr/lib/gcc/avr/7.4.0/avr5/libgcc.a(_prologue.o)
 .data          0x0000000000800106        0x0 /usr/lib/gcc/avr/7.4.0/avr5/libgcc.a(_epilogue.o)
 *(.data*)
 *(.gnu.linkonce.d*)
 *(.rodata)
 *(.rodata*)
 .rodata.str1.1
                0x0000000000800106        0x4 parcoursEtats.o
 .rodata.str1.1
                0x000000000080010a        0x9 ../librairie_statique//lib_statique.a(lcm_so1602dtr_m_fw.o)
 .rodata.str1.1
                0x0000000000800113       0x11 ../librairie_statique//lib_statique.a(customprocs.o)
 *(.gnu.linkonce.r*)
                0x0000000000800124                . = ALIGN (0x2)
                0x0000000000800124                _edata = .
                0x0000000000800124                PROVIDE (__data_end = .)

.bss            0x0000000000800124        0xe
                0x0000000000800124                PROVIDE (__bss_start = .)
 *(.bss)
 .bss           0x0000000000800124        0x0 /usr/lib/gcc/avr/7.4.0/../../../../avr/lib/avr5/crtatmega324pa.o
 .bss           0x0000000000800124        0xa parcoursEtats.o
 .bss           0x000000000080012e        0x0 ../librairie_statique//lib_statique.a(lcm_so1602dtr_m_fw.o)
 .bss           0x000000000080012e        0x0 ../librairie_statique//lib_statique.a(customprocs.o)
 .bss           0x000000000080012e        0x0 ../librairie_statique//lib_statique.a(lcm_so1602dtr_m.o)
 .bss           0x000000000080012e        0x0 /usr/lib/gcc/avr/7.4.0/avr5/libgcc.a(_udivmodhi4.o)
 .bss           0x000000000080012e        0x0 /usr/lib/gcc/avr/7.4.0/avr5/libgcc.a(_exit.o)
 .bss           0x000000000080012e        0x0 /usr/lib/gcc/avr/7.4.0/avr5/libgcc.a(_copy_data.o)
 .bss           0x000000000080012e        0x0 /usr/lib/gcc/avr/7.4.0/avr5/libgcc.a(_clear_bss.o)
 .bss           0x000000000080012e        0x0 /usr/lib/gcc/avr/7.4.0/avr5/libgcc.a(_ctors.o)
 .bss           0x000000000080012e        0x0 /usr/lib/gcc/avr/7.4.0/avr5/libgcc.a(_dtors.o)
 .bss           0x000000000080012e        0x0 /usr/lib/gcc/avr/7.4.0/avr5/libgcc.a(_tablejump2.o)
 .bss           0x000000000080012e        0x0 /usr/lib/gcc/avr/7.4.0/../../../../avr/lib/avr5/libc.a(malloc.o)
 .bss           0x000000000080012e        0x0 /usr/lib/gcc/avr/7.4.0/../../../../avr/lib/avr5/libc.a(sprintf.o)
 .bss           0x000000000080012e        0x0 /usr/lib/gcc/avr/7.4.0/../../../../avr/lib/avr5/libc.a(vfprintf_std.o)
 .bss           0x000000000080012e        0x0 /usr/lib/gcc/avr/7.4.0/../../../../avr/lib/avr5/libc.a(strnlen_P.o)
 .bss           0x000000000080012e        0x0 /usr/lib/gcc/avr/7.4.0/../../../../avr/lib/avr5/libc.a(strnlen.o)
 .bss           0x000000000080012e        0x0 /usr/lib/gcc/avr/7.4.0/../../../../avr/lib/avr5/libc.a(fputc.o)
 .bss           0x000000000080012e        0x0 /usr/lib/gcc/avr/7.4.0/../../../../avr/lib/avr5/libc.a(ultoa_invert.o)
 .bss           0x000000000080012e        0x0 /usr/lib/gcc/avr/7.4.0/avr5/libgcc.a(_prologue.o)
 .bss           0x000000000080012e        0x0 /usr/lib/gcc/avr/7.4.0/avr5/libgcc.a(_epilogue.o)
 *(.bss*)
 *(COMMON)
 COMMON         0x000000000080012e        0x4 /usr/lib/gcc/avr/7.4.0/../../../../avr/lib/avr5/libc.a(malloc.o)
                0x000000000080012e                __brkval
                0x0000000000800130                __flp
                0x0000000000800132                PROVIDE (__bss_end = .)
                0x0000000000000f8e                __data_load_start = LOADADDR (.data)
                0x0000000000000fb2                __data_load_end = (__data_load_start + SIZEOF (.data))

.noinit         0x0000000000800132        0x0
                [!provide]                        PROVIDE (__noinit_start = .)
 *(.noinit*)
                [!provide]                        PROVIDE (__noinit_end = .)
                0x0000000000800132                _end = .
                0x0000000000800132                PROVIDE (__heap_start = .)

.eeprom         0x0000000000810000        0x0
 *(.eeprom*)
                0x0000000000810000                __eeprom_end = .

.fuse
 *(.fuse)
 *(.lfuse)
 *(.hfuse)
 *(.efuse)

.lock
 *(.lock*)

.signature
 *(.signature*)

.stab           0x0000000000000000     0x318c
 *(.stab)
 .stab          0x0000000000000000      0x5b8 parcoursEtats.o
 .stab          0x00000000000005b8      0xfd8 ../librairie_statique//lib_statique.a(lcm_so1602dtr_m_fw.o)
                                        0xfe4 (size before relaxing)
 .stab          0x0000000000001590      0x6cc ../librairie_statique//lib_statique.a(customprocs.o)
                                        0x6d8 (size before relaxing)
 .stab          0x0000000000001c5c      0xc48 ../librairie_statique//lib_statique.a(lcm_so1602dtr_m.o)
                                        0xc54 (size before relaxing)
 .stab          0x00000000000028a4      0x15c /usr/lib/gcc/avr/7.4.0/avr5/libgcc.a(_udivmodhi4.o)
                                        0x168 (size before relaxing)
 .stab          0x0000000000002a00       0x6c /usr/lib/gcc/avr/7.4.0/avr5/libgcc.a(_exit.o)
                                         0x78 (size before relaxing)
 .stab          0x0000000000002a6c       0xd8 /usr/lib/gcc/avr/7.4.0/avr5/libgcc.a(_copy_data.o)
                                         0xe4 (size before relaxing)
 .stab          0x0000000000002b44       0xb4 /usr/lib/gcc/avr/7.4.0/avr5/libgcc.a(_clear_bss.o)
                                         0xc0 (size before relaxing)
 .stab          0x0000000000002bf8       0xd8 /usr/lib/gcc/avr/7.4.0/avr5/libgcc.a(_ctors.o)
                                         0xe4 (size before relaxing)
 .stab          0x0000000000002cd0       0xd8 /usr/lib/gcc/avr/7.4.0/avr5/libgcc.a(_dtors.o)
                                         0xe4 (size before relaxing)
 .stab          0x0000000000002da8       0x9c /usr/lib/gcc/avr/7.4.0/avr5/libgcc.a(_tablejump2.o)
                                         0xa8 (size before relaxing)
 .stab          0x0000000000002e44      0x1a4 /usr/lib/gcc/avr/7.4.0/avr5/libgcc.a(_prologue.o)
                                        0x1b0 (size before relaxing)
 .stab          0x0000000000002fe8      0x1a4 /usr/lib/gcc/avr/7.4.0/avr5/libgcc.a(_epilogue.o)
                                        0x1b0 (size before relaxing)

.stabstr        0x0000000000000000     0x28b7
 *(.stabstr)
 .stabstr       0x0000000000000000     0x28b7 parcoursEtats.o

.stab.excl
 *(.stab.excl)

.stab.exclstr
 *(.stab.exclstr)

.stab.index
 *(.stab.index)

.stab.indexstr
 *(.stab.indexstr)

.comment        0x0000000000000000       0x42
 *(.comment)
 .comment       0x0000000000000000       0x21 parcoursEtats.o
                                         0x22 (size before relaxing)
 .comment       0x0000000000000021       0x22 ../librairie_statique//lib_statique.a(lcm_so1602dtr_m_fw.o)
 .comment       0x0000000000000021       0x22 ../librairie_statique//lib_statique.a(customprocs.o)
 .comment       0x0000000000000021       0x22 ../librairie_statique//lib_statique.a(lcm_so1602dtr_m.o)
 .comment       0x0000000000000021       0x21 /usr/lib/gcc/avr/7.4.0/../../../../avr/lib/avr5/libc.a(malloc.o)
                                         0x22 (size before relaxing)
 .comment       0x0000000000000042       0x22 /usr/lib/gcc/avr/7.4.0/../../../../avr/lib/avr5/libc.a(sprintf.o)
 .comment       0x0000000000000042       0x22 /usr/lib/gcc/avr/7.4.0/../../../../avr/lib/avr5/libc.a(vfprintf_std.o)
 .comment       0x0000000000000042       0x22 /usr/lib/gcc/avr/7.4.0/../../../../avr/lib/avr5/libc.a(fputc.o)

.note.gnu.avr.deviceinfo
                0x0000000000000000       0x40
 .note.gnu.avr.deviceinfo
                0x0000000000000000       0x40 /usr/lib/gcc/avr/7.4.0/../../../../avr/lib/avr5/crtatmega324pa.o

.note.gnu.build-id
 *(.note.gnu.build-id)

.debug
 *(.debug)

.line
 *(.line)

.debug_srcinfo
 *(.debug_srcinfo)

.debug_sfnames
 *(.debug_sfnames)

.debug_aranges
 *(.debug_aranges)

.debug_pubnames
 *(.debug_pubnames)

.debug_info     0x0000000000000000      0x6cc
 *(.debug_info .gnu.linkonce.wi.*)
 .debug_info    0x0000000000000000      0x6cc /usr/lib/gcc/avr/7.4.0/../../../../avr/lib/avr5/crtatmega324pa.o

.debug_abbrev   0x0000000000000000      0x66e
 *(.debug_abbrev)
 .debug_abbrev  0x0000000000000000      0x66e /usr/lib/gcc/avr/7.4.0/../../../../avr/lib/avr5/crtatmega324pa.o

.debug_line     0x0000000000000000       0x1d
 *(.debug_line .debug_line.* .debug_line_end)
 .debug_line    0x0000000000000000       0x1d /usr/lib/gcc/avr/7.4.0/../../../../avr/lib/avr5/crtatmega324pa.o

.debug_frame
 *(.debug_frame)

.debug_str      0x0000000000000000      0x255
 *(.debug_str)
 .debug_str     0x0000000000000000      0x255 /usr/lib/gcc/avr/7.4.0/../../../../avr/lib/avr5/crtatmega324pa.o

.debug_loc
 *(.debug_loc)

.debug_macinfo
 *(.debug_macinfo)

.debug_weaknames
 *(.debug_weaknames)

.debug_funcnames
 *(.debug_funcnames)

.debug_typenames
 *(.debug_typenames)

.debug_varnames
 *(.debug_varnames)

.debug_pubtypes
 *(.debug_pubtypes)

.debug_ranges
 *(.debug_ranges)

.debug_macro
 *(.debug_macro)

.debug_addr
 *(.debug_addr)
OUTPUT(executable_ecriture.out elf32-avr)
LOAD linker stubs
